// Jest Snapshot v1, https://goo.gl/fbAQLP

exports[`Button should match snapshot 1`] = `
.c0 {
  background-color: #34d1d1;
  cursor: pointer;
  outline: none;
  border-radius: 24px;
  height: 48px;
  padding: 10px 35px;
  color: #fff;
  font-size: 12px;
  font-family: Montserrat;
  font-weight: 700;
  -webkit-letter-spacing: 2.4px;
  -moz-letter-spacing: 2.4px;
  -ms-letter-spacing: 2.4px;
  letter-spacing: 2.4px;
  border: 0;
  max-width: 220px;
  box-shadow: 0 10px 30px -20px rgba(0,0,0,0.5);
}

.c0:disabled {
  color: rgba(16,16,16,0.3);
  background-color: rgba(239,239,239,0.3);
  border-color: rgba(195,195,195,0.3);
}

<div>
  <button
    class="c0"
  >
    Testing
  </button>
</div>
`;
